2026-01-16 19:30:13 [[33m'warn'[39m]: ⚠️  JWT_PRIVATE_KEY not configured. Using fallback (DEVELOPMENT ONLY) {"service":"antiphishx-backend"}
2026-01-16 19:30:13 [[32m'info'[39m]: ✅ JWT Service initialized with HS256 algorithm {"service":"antiphishx-backend"}
2026-01-16 19:30:13 [[32m'info'[39m]: User registered: test@example.com {"service":"antiphishx-backend"}
2026-01-16 19:30:13 [[32m'info'[39m]: User logged in: test@example.com {"service":"antiphishx-backend"}
FAIL tests/auth.test.js
  Authentication Service
    register
      √ should register a new user successfully (5 ms)
      √ should throw error if email already exists (10 ms)
    login
      √ should login user with correct credentials (1 ms)
      √ should throw error for invalid credentials (1 ms)
    refreshAccessToken
      × should refresh access token with valid refresh token (1 ms)

  ● Authentication Service › refreshAccessToken › should refresh access token with valid refresh token

    User not found

    [0m [90m 278 |[39m         [36mconst[39m user [33m=[39m [36mawait[39m [33mUser[39m[33m.[39mfindById(payload[33m.[39muserId)[33m;[39m
     [90m 279 |[39m         [36mif[39m ([33m![39muser) {
    [31m[1m>[22m[39m[90m 280 |[39m             [36mthrow[39m [36mnew[39m [33mError[39m([32m'User not found'[39m)[33m;[39m
     [90m     |[39m                   [31m[1m^[22m[39m
     [90m 281 |[39m         }
     [90m 282 |[39m
     [90m 283 |[39m         [90m// Generate new tokens[39m[0m

      at AuthService.refreshAccessToken (src/auth/auth.service.js:280:19)
      at Object.<anonymous> (tests/auth.test.js:142:28)

Test Suites: 1 failed, 1 total
Tests:       1 failed, 4 passed, 5 total
Snapshots:   0 total
Time:        1.277 s, estimated 2 s
Ran all test suites matching /tests\\auth.test.js/i.
