2026-01-16 19:36:01 [[33m'warn'[39m]: ⚠️  JWT_PRIVATE_KEY not configured. Using fallback (DEVELOPMENT ONLY) {"service":"antiphishx-backend"}
2026-01-16 19:36:01 [[32m'info'[39m]: ✅ JWT Service initialized with HS256 algorithm {"service":"antiphishx-backend"}
(node:14360) [MONGOOSE] Warning: Duplicate schema index on {"trackingToken":1} found. This is often due to declaring an index using both "index: true" and "schema.index()". Please remove the duplicate index definition.
(Use `node --trace-warnings ...` to show where the warning was created)
(node:14360) [MONGOOSE] Warning: Duplicate schema index on {"certificateId":1} found. This is often due to declaring an index using both "index: true" and "schema.index()". Please remove the duplicate index definition.
2026-01-16 19:36:01 [[32m'info'[39m]: POST /api/auth/register {"service":"antiphishx-backend","ip":"::ffff:127.0.0.1"}
2026-01-16 19:36:01 [[32m'info'[39m]: POST /api/auth/login {"service":"antiphishx-backend","ip":"::ffff:127.0.0.1"}
2026-01-16 19:36:01 [[31m'error'[39m]: Error verifying password: pchstr must contain a $ as first char {"service":"antiphishx-backend","stack":"TypeError: pchstr must contain a $ as first char\n    at deserialize (C:\\Users\\USER\\Desktop\\AntiPhishX\\backend\\node_modules\\@phc\\format\\index.js:147:11)\n    at Object.verify (C:\\Users\\USER\\Desktop\\AntiPhishX\\backend\\node_modules\\argon2\\argon2.js:91:15)\n    at AuthService.verify [as verifyPassword] (C:\\Users\\USER\\Desktop\\AntiPhishX\\backend\\src\\auth\\auth.service.js:42:33)\n    at AuthService.verifyPassword [as login] (C:\\Users\\USER\\Desktop\\AntiPhishX\\backend\\src\\auth\\auth.service.js:116:44)\n    at processTicksAndRejections (node:internal/process/task_queues:103:5)\n    at login (C:\\Users\\USER\\Desktop\\AntiPhishX\\backend\\src\\auth\\auth.controller.js:83:28)"}
2026-01-16 19:36:01 [[31m'error'[39m]: Login error: user.incrementLoginAttempts is not a function {"service":"antiphishx-backend","stack":"TypeError: user.incrementLoginAttempts is not a function\n    at AuthService.incrementLoginAttempts [as login] (C:\\Users\\USER\\Desktop\\AntiPhishX\\backend\\src\\auth\\auth.service.js:120:24)\n    at processTicksAndRejections (node:internal/process/task_queues:103:5)\n    at login (C:\\Users\\USER\\Desktop\\AntiPhishX\\backend\\src\\auth\\auth.controller.js:83:28)"}
2026-01-16 19:36:01 [[32m'info'[39m]: GET /api/courses {"service":"antiphishx-backend","ip":"::ffff:127.0.0.1"}
FAIL tests/integration/api.test.js
  Integration Tests
    Authentication Flow
      × should register a new user (90 ms)
      × should login with registered user (13 ms)
    Course Management Flow
      √ should get courses list (5 ms)

  ● Integration Tests › Authentication Flow › should register a new user

    expect(received).toBe(expected) // Object.is equality

    Expected: 201
    Received: 400

    [0m [90m 52 |[39m                 })[33m;[39m
     [90m 53 |[39m
    [31m[1m>[22m[39m[90m 54 |[39m             expect(response[33m.[39mstatus)[33m.[39mtoBe([35m201[39m)[33m;[39m
     [90m    |[39m                                     [31m[1m^[22m[39m
     [90m 55 |[39m         })[33m;[39m
     [90m 56 |[39m
     [90m 57 |[39m         it([32m'should login with registered user'[39m[33m,[39m [36masync[39m () [33m=>[39m {[0m

      at Object.toBe (tests/integration/api.test.js:54:37)

  ● Integration Tests › Authentication Flow › should login with registered user

    expect(received).toBe(expected) // Object.is equality

    Expected: 200
    Received: 401

    [0m [90m 78 |[39m                 })[33m;[39m
     [90m 79 |[39m
    [31m[1m>[22m[39m[90m 80 |[39m             expect(response[33m.[39mstatus)[33m.[39mtoBe([35m200[39m)[33m;[39m
     [90m    |[39m                                     [31m[1m^[22m[39m
     [90m 81 |[39m             expect(response[33m.[39mbody)[33m.[39mtoHaveProperty([32m'accessToken'[39m)[33m;[39m
     [90m 82 |[39m         })[33m;[39m
     [90m 83 |[39m     })[33m;[39m[0m

      at Object.toBe (tests/integration/api.test.js:80:37)

Test Suites: 1 failed, 1 total
Tests:       2 failed, 1 passed, 3 total
Snapshots:   0 total
Time:        1.721 s, estimated 2 s
Ran all test suites matching /tests\\integration\\api.test.js/i.
