2026-01-16 19:43:45 [[33m'warn'[39m]: ⚠️  JWT_PRIVATE_KEY not configured. Using fallback (DEVELOPMENT ONLY) {"service":"antiphishx-backend"}
2026-01-16 19:43:45 [[32m'info'[39m]: ✅ JWT Service initialized with HS256 algorithm {"service":"antiphishx-backend"}
(node:27176) [MONGOOSE] Warning: Duplicate schema index on {"trackingToken":1} found. This is often due to declaring an index using both "index: true" and "schema.index()". Please remove the duplicate index definition.
(Use `node --trace-warnings ...` to show where the warning was created)
(node:27176) [MONGOOSE] Warning: Duplicate schema index on {"certificateId":1} found. This is often due to declaring an index using both "index: true" and "schema.index()". Please remove the duplicate index definition.
2026-01-16 19:43:45 [[32m'info'[39m]: POST /api/auth/register {"service":"antiphishx-backend","ip":"::ffff:127.0.0.1"}
2026-01-16 19:43:45 [[32m'info'[39m]: POST /api/auth/login {"service":"antiphishx-backend","ip":"::ffff:127.0.0.1"}
2026-01-16 19:43:45 [[31m'error'[39m]: Login error: Cannot read properties of undefined (reading 'totpEnabled') {"service":"antiphishx-backend","stack":"TypeError: Cannot read properties of undefined (reading 'totpEnabled')\n    at AuthService.totpEnabled [as login] (C:\\Users\\USER\\Desktop\\AntiPhishX\\backend\\src\\auth\\auth.service.js:141:22)\n    at processTicksAndRejections (node:internal/process/task_queues:103:5)\n    at login (C:\\Users\\USER\\Desktop\\AntiPhishX\\backend\\src\\auth\\auth.controller.js:83:28)"}
2026-01-16 19:43:45 [[32m'info'[39m]: GET /api/courses {"service":"antiphishx-backend","ip":"::ffff:127.0.0.1"}
FAIL tests/integration/api.test.js
  Integration Tests
    Authentication Flow
      × should register a new user (62 ms)
      × should login with registered user (17 ms)
    Course Management Flow
      √ should get courses list (5 ms)

  ● Integration Tests › Authentication Flow › should register a new user

    expect(received).toBe(expected) // Object.is equality

    Expected: 201
    Received: 400

    [0m [90m 58 |[39m                 })[33m;[39m
     [90m 59 |[39m
    [31m[1m>[22m[39m[90m 60 |[39m             expect(response[33m.[39mstatus)[33m.[39mtoBe([35m201[39m)[33m;[39m
     [90m    |[39m                                     [31m[1m^[22m[39m
     [90m 61 |[39m         })[33m;[39m
     [90m 62 |[39m
     [90m 63 |[39m         it([32m'should login with registered user'[39m[33m,[39m [36masync[39m () [33m=>[39m {[0m

      at Object.toBe (tests/integration/api.test.js:60:37)

  ● Integration Tests › Authentication Flow › should login with registered user

    expect(received).toBe(expected) // Object.is equality

    Expected: 200
    Received: 401

    [0m [90m 88 |[39m                 })[33m;[39m
     [90m 89 |[39m
    [31m[1m>[22m[39m[90m 90 |[39m             expect(response[33m.[39mstatus)[33m.[39mtoBe([35m200[39m)[33m;[39m
     [90m    |[39m                                     [31m[1m^[22m[39m
     [90m 91 |[39m             expect(response[33m.[39mbody)[33m.[39mtoHaveProperty([32m'accessToken'[39m)[33m;[39m
     [90m 92 |[39m         })[33m;[39m
     [90m 93 |[39m     })[33m;[39m[0m

      at Object.toBe (tests/integration/api.test.js:90:37)

Test Suites: 1 failed, 1 total
Tests:       2 failed, 1 passed, 3 total
Snapshots:   0 total
Time:        1.737 s, estimated 3 s
Ran all test suites matching /tests\\integration\\api.test.js/i.
