2026-01-16 20:12:15 [[33m'warn'[39m]: ??????  JWT_PRIVATE_KEY not configured. Using fallback (DEVELOPMENT ONLY) {"service":"antiphishx-backend"}
2026-01-16 20:12:15 [[32m'info'[39m]: ??? JWT Service initialized with HS256 algorithm {"service":"antiphishx-backend"}
2026-01-16 20:12:16 [[32m'info'[39m]: POST /api/auth/register {"service":"antiphishx-backend","ip":"::ffff:127.0.0.1"}
2026-01-16 20:12:16 [[32m'info'[39m]: User registered: integration@test.com {"service":"antiphishx-backend"}
2026-01-16 20:12:16 [[32m'info'[39m]: POST /api/auth/login {"service":"antiphishx-backend","ip":"::ffff:127.0.0.1"}
2026-01-16 20:12:16 [[32m'info'[39m]: User logged in: integration@test.com {"service":"antiphishx-backend"}
2026-01-16 20:12:16 [[32m'info'[39m]: GET /api/courses {"service":"antiphishx-backend","ip":"::ffff:127.0.0.1"}
node.exe : PASS tests
/integration/api.test
.js
At line:1 char:1
+ & "C:\Program Files
\nodejs/node.exe" 
"C:\Program 
Files\nodejs/node_mo 
...
+ ~~~~~~~~~~~~~~~~~~~
~~~~~~~~~~~~~~~~~~~~~
~~~~~~~~~~~~~~~~~~~~~
~~~~~~~~
    + CategoryInfo   
           : NotSpe  
  cified: (PASS te   
 sts/integration/    
api.test.js:Stri    
ng) [], RemoteEx    
ception
    + FullyQualified 
   ErrorId : Native  
  CommandError
 
  Integration Tests
    Authentication 
Flow
      ??? should 
register a new user 
(58 ms)
      ??? should 
login with 
registered user (7 
ms)
    Course 
Management Flow
      ??? should get 
courses list (5 ms)

Test Suites: 1 
passed, 1 total
Tests:       3 
passed, 3 total
Snapshots:   0 total
Time:        2.475 
s, estimated 3 s
Ran all test suites 
matching /tests\\inte
gration\\api.test.js/
i.
