2026-01-16 20:10:22 [[33m'warn'[39m]: ??????  JWT_PRIVATE_KEY not configured. Using fallback (DEVELOPMENT ONLY) {"service":"antiphishx-backend"}
2026-01-16 20:10:22 [[32m'info'[39m]: ??? JWT Service initialized with HS256 algorithm {"service":"antiphishx-backend"}
2026-01-16 20:10:23 [[32m'info'[39m]: POST /api/auth/register {"service":"antiphishx-backend","ip":"::ffff:127.0.0.1"}
  console.log
    Registration Error Response: { error: '"role" is not allowed' }

      at Object.log (tests/integration/api.test.js:75:25)

2026-01-16 20:10:23 [[32m'info'[39m]: POST /api/auth/login {"service":"antiphishx-backend","ip":"::ffff:127.0.0.1"}
2026-01-16 20:10:23 [[32m'info'[39m]: User logged in: integration@test.com {"service":"antiphishx-backend"}
2026-01-16 20:10:23 [[32m'info'[39m]: GET /api/courses {"service":"antiphishx-backend","ip":"::ffff:127.0.0.1"}
node.exe : FAIL tests
/integration/api.test
.js
At line:1 char:1
+ & "C:\Program Files
\nodejs/node.exe" 
"C:\Program 
Files\nodejs/node_mo 
...
+ ~~~~~~~~~~~~~~~~~~~
~~~~~~~~~~~~~~~~~~~~~
~~~~~~~~~~~~~~~~~~~~~
~~~~~~~~
    + CategoryInfo   
           : NotSpe  
  cified: (FAIL te   
 sts/integration/    
api.test.js:Stri    
ng) [], RemoteEx    
ception
    + FullyQualified 
   ErrorId : Native  
  CommandError
 
  Integration Tests
    Authentication 
Flow
      ?? should 
register a new user 
(69 ms)
      ??? should 
login with 
registered user (10 
ms)
    Course 
Management Flow
      ??? should get 
courses list (5 ms)

  ??? Integration 
Tests ??? 
Authentication Flow 
??? should register 
a new user

    expect(received).
toBe(expected) // 
Object.is equality

    Expected: 201
    Received: 400

    [0m [90m 75 
|[39m               
  console[33m.[39ml
og([32m'Registration
 Error Response:'[39
m[33m,[39m response
[33m.[39mbody)[33m
;[39m
     [90m 76 |[39m 
            }
    [31m[1m>[22m[
39m[90m 77 |[39m   
          expect(resp
onse[33m.[39mstatus
)[33m.[39mtoBe([35
m201[39m)[33m;[39m
     [90m    |[39m 
                     
               
[31m[1m^[22m[39m
     [90m 78 |[39m 
        })[33m;[39m
     [90m 79 |[39m
     [90m 80 |[39m 
        
it([32m'should 
login with 
registered user'[39m
[33m,[39m 
[36masync[39m () 
[33m=>[39m {[0m

      at Object.toBe 
(tests/integration/ap
i.test.js:77:37)

Test Suites: 1 
failed, 1 total
Tests:       1 
failed, 2 passed, 3 
total
Snapshots:   0 total
Time:        2.156 s
Ran all test suites 
matching /tests\\inte
gration\\api.test.js/
i.
